// Jest Snapshot v1, https://goo.gl/fbAQLP

exports[`App should render App correctly 1`] = `
<div>
  <h1
    className="title"
  >
    React core concepts task
  </h1>
  <div>
    <p>
      React components can be created in different ways, using:
    </p>
    <li>
      React.createElement
    </li>
    <li>
      React.Component
    </li>
    <li>
      React.PureComponent
    </li>
    <li>
      functional components
    </li>
  </div>
  <footer>
     React mentoring program 2018 
  </footer>
</div>
`;
